Overall: Fail

Files failing with verification error
	./Impl/IndirectionTable.i.dfy
	./lib/Buckets/LKMBPKVOps.i.dfy

Files failing with verification timeout
	./Betree/BetreeInv.i.dfy
	./Impl/EvictImpl.i.dfy
	./ByteBlockCacheSystem/ByteSystem.i.dfy
	./Betree/Graph.i.dfy
	./lib/DataStructures/LinearContentMutableMap.i.dfy
	./Impl/FlushPolicyModel.i.dfy
	./Impl/DeallocImpl.i.dfy
	./Betree/Betree_Refines_Map.i.dfy
	./ByteBlockCacheSystem/InterpretationDisk.i.dfy
	./BlockCacheSystem/BlockJournalCache.i.dfy
	./PivotBetree/StatesViewPivotBetree_Refines_StatesViewMap.i.dfy
	./BlockCacheSystem/BlockSystem.i.dfy
